<html>
<body>
<pre>
<h1>µVision Build Log</h1>
<h2>Tool Versions:</h2>
IDE-Version: ¦ÌVision V5.24.2.0
Copyright (C) 2017 ARM Ltd and ARM Germany GmbH. All rights reserved.
License Information: d d, d, LIC=QF8NN-Y7X1H-3MY9Q-NK2YI-SB4KG-HNE7H
 
Tool Versions:
Toolchain:       MDK-ARM Plus  Version: 5.24.1
Toolchain Path:  C:\Keil_v5\ARM\ARMCC\Bin
C Compiler:      Armcc.exe V5.06 update 5 (build 528)
Assembler:       Armasm.exe V5.06 update 5 (build 528)
Linker/Locator:  ArmLink.exe V5.06 update 5 (build 528)
Library Manager: ArmAr.exe V5.06 update 5 (build 528)
Hex Converter:   FromElf.exe V5.06 update 5 (build 528)
CPU DLL:         SARMCM3.DLL V5.24.1
Dialog DLL:      DCM.DLL V1.16.0.0
Target DLL:      Segger\JL2CM3.dll V2.99.26.0
Dialog DLL:      TCM.DLL V1.32.0.0
 
<h2>Project:</h2>
D:\ShareDir\ink_RTOS_EtherCAT\MDK-ARM\YS-F4STD.uvprojx
Project File Date:  10/23/2025

<h2>Output:</h2>
*** Using Compiler 'V5.06 update 5 (build 528)', folder: 'C:\Keil_v5\ARM\ARMCC\Bin'
Build target 'YS-F4STD'
compiling main.c...
..\Inc\FreeRTOSConfig.h(180): warning:  #47-D: incompatible redefinition of macro "configKERNEL_INTERRUPT_PRIORITY"  (declared at line 64)
  #define configKERNEL_INTERRUPT_PRIORITY 		( configLIBRARY_LOWEST_INTERRUPT_PRIORITY << (8 - configPRIO_BITS) )
..\Inc\FreeRTOSConfig.h(183): warning:  #47-D: incompatible redefinition of macro "configMAX_SYSCALL_INTERRUPT_PRIORITY"  (declared at line 65)
  #define configMAX_SYSCALL_INTERRUPT_PRIORITY 	( configLIBRARY_MAX_SYSCALL_INTERRUPT_PRIORITY << (8 - configPRIO_BITS) )
..\Inc\FreeRTOSConfig.h(247): warning:  #1-D: last line of file ends without a newline
  #endif /* FREERTOS_CONFIG_H */
..\Inc\sensor_simulator.h(199): warning:  #1-D: last line of file ends without a newline
  #endif /* _SENSOR_SIMULATOR_H_ */
..\Inc\app_io_handler.h(264): warning:  #1-D: last line of file ends without a newline
  #endif /* __APP_IO_HANDLER_H */
..\Inc\sensor_tasks.h(291): warning:  #1-D: last line of file ends without a newline
  #endif /* __SENSOR_TASKS_H */
..\Src\main.c: 6 warnings, 0 errors
linking...
Program Size: Code=47420 RO-data=2052 RW-data=1416 ZI-data=81160  
FromELF: creating hex file...
"YS-F4STD\YS-F4STD.axf" - 0 Error(s), 6 Warning(s).

<h2>Software Packages used:</h2>

Package Vendor: Keil
                http://www.keil.com/pack/Keil.STM32F4xx_DFP.2.15.0.pack
                Keil.STM32F4xx_DFP.2.15.0
                STMicroelectronics STM32F4 Series Device Support, Drivers and Examples

<h2>Collection of Component include folders:</h2>
  .\RTE\_YS-F4STD
  C:\Keil_v5\ARM\PACK\Keil\STM32F4xx_DFP\2.15.0\Drivers\CMSIS\Device\ST\STM32F4xx\Include

<h2>Collection of Component Files used:</h2>
Build Time Elapsed:  00:00:03
</pre>
</body>
</html>
